Server [localhost]:
Database [postgres]:
Port [5432]:
Username [postgres]:
Password for user postgres:
psql (12.2)
WARNING: Console code page (437) differs from Windows code page (1252)
         8-bit characters might not work correctly. See psql reference
         page "Notes for Windows users" for details.
Type "help" for help.

postgres=# \l
                                           List of databases
      Name      |  Owner   | Encoding |      Collate       |       Ctype        |   Access privileges
----------------+----------+----------+--------------------+--------------------+-----------------------
 coworkingspace | postgres | UTF8     | English_India.1252 | English_India.1252 |
 gaana          | postgres | UTF8     | English_India.1252 | English_India.1252 |
 postgres       | postgres | UTF8     | English_India.1252 | English_India.1252 |
 template0      | postgres | UTF8     | English_India.1252 | English_India.1252 | =c/postgres          +
                |          |          |                    |                    | postgres=CTc/postgres
 template1      | postgres | UTF8     | English_India.1252 | English_India.1252 | =c/postgres          +
                |          |          |                    |                    | postgres=CTc/postgres
 test           | postgres | UTF8     | English_India.1252 | English_India.1252 |
(6 rows)


postgres=# \c coworkingspace
You are now connected to database "coworkingspace" as user "postgres".
coworkingspace=# \i C:\Users\risha\Downloads\Employee_list.sql;
C:: Permission denied
coworkingspace=# \i C:/Users/risha/Downloads/Employee_list.sql;
psql:C:/Users/risha/Downloads/Employee_list.sql:21: ERROR:  syntax error at or near "VARCHAR"
LINE 6:  employee_phone number VARCHAR(50),
                               ^
psql:C:/Users/risha/Downloads/Employee_list.sql:26: ERROR:  syntax error at or near "number"
LINE 1: ...ompany_name, employee_designation, employee_phone number, em...
                                                             ^
psql:C:/Users/risha/Downloads/Employee_list.sql:27: ERROR:  syntax error at or near "number"
LINE 1: ...ompany_name, employee_designation, employee_phone number, em...
                                                             ^
psql:C:/Users/risha/Downloads/Employee_list.sql:28: ERROR:  syntax error at or near "number"
LINE 1: ...ompany_name, employee_designation, employee_phone number, em...
                                                             ^
psql:C:/Users/risha/Downloads/Employee_list.sql:29: ERROR:  syntax error at or near "number"
LINE 1: ...ompany_name, employee_designation, employee_phone number, em...
                                                             ^
psql:C:/Users/risha/Downloads/Employee_list.sql:30: ERROR:  syntax error at or near "number"
LINE 1: ...ompany_name, employee_designation, employee_phone number, em...
                                                             ^
psql:C:/Users/risha/Downloads/Employee_list.sql:35: ERROR:  syntax error at or near "number"
LINE 1: ...ompany_name, employee_designation, employee_phone number, em...
                                                             ^
psql:C:/Users/risha/Downloads/Employee_list.sql:36: ERROR:  syntax error at or near "number"
LINE 1: ...ompany_name, employee_designation, employee_phone number, em...
                                                             ^
psql:C:/Users/risha/Downloads/Employee_list.sql:41: ERROR:  syntax error at or near "number"
LINE 1: ...ompany_name, employee_designation, employee_phone number, em...
                                                             ^
psql:C:/Users/risha/Downloads/Employee_list.sql:44: ERROR:  syntax error at or near "number"
LINE 1: ...ompany_name, employee_designation, employee_phone number, em...
                                                             ^
psql:C:/Users/risha/Downloads/Employee_list.sql:45: ERROR:  syntax error at or near "number"
LINE 1: ...ompany_name, employee_designation, employee_phone number, em...
                                                             ^
psql:C:/Users/risha/Downloads/Employee_list.sql:50: ERROR:  syntax error at or near "number"
LINE 1: ...ompany_name, employee_designation, employee_phone number, em...
                                                             ^
psql:C:/Users/risha/Downloads/Employee_list.sql:53: ERROR:  syntax error at or near "number"
LINE 1: ...ompany_name, employee_designation, employee_phone number, em...
                                                             ^
psql:C:/Users/risha/Downloads/Employee_list.sql:58: ERROR:  syntax error at or near "number"
LINE 1: ...ompany_name, employee_designation, employee_phone number, em...
                                                             ^
psql:C:/Users/risha/Downloads/Employee_list.sql:59: ERROR:  syntax error at or near "number"
LINE 1: ...ompany_name, employee_designation, employee_phone number, em...
                                                             ^
psql:C:/Users/risha/Downloads/Employee_list.sql:64: ERROR:  syntax error at or near "number"
LINE 1: ...ompany_name, employee_designation, employee_phone number, em...
                                                             ^
psql:C:/Users/risha/Downloads/Employee_list.sql:69: ERROR:  syntax error at or near "number"
LINE 1: ...ompany_name, employee_designation, employee_phone number, em...
                                                             ^
psql:C:/Users/risha/Downloads/Employee_list.sql:70: ERROR:  syntax error at or near "number"
LINE 1: ...ompany_name, employee_designation, employee_phone number, em...
                                                             ^
psql:C:/Users/risha/Downloads/Employee_list.sql:75: ERROR:  syntax error at or near "number"
LINE 1: ...ompany_name, employee_designation, employee_phone number, em...
                                                             ^
psql:C:/Users/risha/Downloads/Employee_list.sql:80: ERROR:  syntax error at or near "number"
LINE 1: ...ompany_name, employee_designation, employee_phone number, em...
                                                             ^
psql:C:/Users/risha/Downloads/Employee_list.sql:83: ERROR:  syntax error at or near "number"
LINE 1: ...ompany_name, employee_designation, employee_phone number, em...
                                                             ^
psql:C:/Users/risha/Downloads/Employee_list.sql:86: ERROR:  syntax error at or near "number"
LINE 1: ...ompany_name, employee_designation, employee_phone number, em...
                                                             ^
psql:C:/Users/risha/Downloads/Employee_list.sql:87: ERROR:  syntax error at or near "number"
LINE 1: ...ompany_name, employee_designation, employee_phone number, em...
                                                             ^
psql:C:/Users/risha/Downloads/Employee_list.sql:88: ERROR:  syntax error at or near "number"
LINE 1: ...ompany_name, employee_designation, employee_phone number, em...
                                                             ^
psql:C:/Users/risha/Downloads/Employee_list.sql:89: ERROR:  syntax error at or near "number"
LINE 1: ...ompany_name, employee_designation, employee_phone number, em...
                                                             ^
psql:C:/Users/risha/Downloads/Employee_list.sql:92: ERROR:  syntax error at or near "number"
LINE 1: ...ompany_name, employee_designation, employee_phone number, em...
                                                             ^
psql:C:/Users/risha/Downloads/Employee_list.sql:95: ERROR:  syntax error at or near "number"
LINE 1: ...ompany_name, employee_designation, employee_phone number, em...
                                                             ^
psql:C:/Users/risha/Downloads/Employee_list.sql:100: ERROR:  syntax error at or near "number"
LINE 1: ...ompany_name, employee_designation, employee_phone number, em...
                                                             ^
psql:C:/Users/risha/Downloads/Employee_list.sql:103: ERROR:  syntax error at or near "number"
LINE 1: ...ompany_name, employee_designation, employee_phone number, em...
                                                             ^
psql:C:/Users/risha/Downloads/Employee_list.sql:108: ERROR:  syntax error at or near "number"
LINE 1: ...ompany_name, employee_designation, employee_phone number, em...
                                                             ^
psql:C:/Users/risha/Downloads/Employee_list.sql:113: ERROR:  syntax error at or near "number"
LINE 1: ...ompany_name, employee_designation, employee_phone number, em...
                                                             ^
psql:C:/Users/risha/Downloads/Employee_list.sql:114: ERROR:  syntax error at or near "number"
LINE 1: ...ompany_name, employee_designation, employee_phone number, em...
                                                             ^
psql:C:/Users/risha/Downloads/Employee_list.sql:117: ERROR:  syntax error at or near "number"
LINE 1: ...ompany_name, employee_designation, employee_phone number, em...
                                                             ^
psql:C:/Users/risha/Downloads/Employee_list.sql:120: ERROR:  syntax error at or near "number"
LINE 1: ...ompany_name, employee_designation, employee_phone number, em...
                                                             ^
psql:C:/Users/risha/Downloads/Employee_list.sql:125: ERROR:  syntax error at or near "number"
LINE 1: ...ompany_name, employee_designation, employee_phone number, em...
                                                             ^
psql:C:/Users/risha/Downloads/Employee_list.sql:128: ERROR:  syntax error at or near "number"
LINE 1: ...ompany_name, employee_designation, employee_phone number, em...
                                                             ^
psql:C:/Users/risha/Downloads/Employee_list.sql:129: ERROR:  syntax error at or near "number"
LINE 1: ...ompany_name, employee_designation, employee_phone number, em...
                                                             ^
psql:C:/Users/risha/Downloads/Employee_list.sql:132: ERROR:  syntax error at or near "number"
LINE 1: ...ompany_name, employee_designation, employee_phone number, em...
                                                             ^
psql:C:/Users/risha/Downloads/Employee_list.sql:133: ERROR:  syntax error at or near "number"
LINE 1: ...ompany_name, employee_designation, employee_phone number, em...
                                                             ^
psql:C:/Users/risha/Downloads/Employee_list.sql:136: ERROR:  syntax error at or near "number"
LINE 1: ...ompany_name, employee_designation, employee_phone number, em...
                                                             ^
psql:C:/Users/risha/Downloads/Employee_list.sql:137: ERROR:  syntax error at or near "number"
LINE 1: ...ompany_name, employee_designation, employee_phone number, em...
                                                             ^
psql:C:/Users/risha/Downloads/Employee_list.sql:140: ERROR:  syntax error at or near "number"
LINE 1: ...ompany_name, employee_designation, employee_phone number, em...
                                                             ^
psql:C:/Users/risha/Downloads/Employee_list.sql:145: ERROR:  syntax error at or near "number"
LINE 1: ...ompany_name, employee_designation, employee_phone number, em...
                                                             ^
psql:C:/Users/risha/Downloads/Employee_list.sql:146: ERROR:  syntax error at or near "number"
LINE 1: ...ompany_name, employee_designation, employee_phone number, em...
                                                             ^
psql:C:/Users/risha/Downloads/Employee_list.sql:149: ERROR:  syntax error at or near "number"
LINE 1: ...ompany_name, employee_designation, employee_phone number, em...
                                                             ^
psql:C:/Users/risha/Downloads/Employee_list.sql:154: ERROR:  syntax error at or near "number"
LINE 1: ...ompany_name, employee_designation, employee_phone number, em...
                                                             ^
psql:C:/Users/risha/Downloads/Employee_list.sql:155: ERROR:  syntax error at or near "number"
LINE 1: ...ompany_name, employee_designation, employee_phone number, em...
                                                             ^
psql:C:/Users/risha/Downloads/Employee_list.sql:158: ERROR:  syntax error at or near "number"
LINE 1: ...ompany_name, employee_designation, employee_phone number, em...
                                                             ^
psql:C:/Users/risha/Downloads/Employee_list.sql:159: ERROR:  syntax error at or near "number"
LINE 1: ...ompany_name, employee_designation, employee_phone number, em...
                                                             ^
psql:C:/Users/risha/Downloads/Employee_list.sql:164: ERROR:  syntax error at or near "number"
LINE 1: ...ompany_name, employee_designation, employee_phone number, em...
                                                             ^
psql:C:/Users/risha/Downloads/Employee_list.sql:165: ERROR:  syntax error at or near "number"
LINE 1: ...ompany_name, employee_designation, employee_phone number, em...
                                                             ^
coworkingspace=# \i C:/Users/risha/Downloads/Employee_list.sql;
psql:C:/Users/risha/Downloads/Employee_list.sql:21: ERROR:  syntax error at or near "-"
LINE 18:  facilities_available_in_the_co-working_space TEXT,
                                        ^
psql:C:/Users/risha/Downloads/Employee_list.sql:22: ERROR:  syntax error at or near "-"
LINE 1: ..._given_to_employee, facilities_available_in_the_co-working_s...
                                                             ^
psql:C:/Users/risha/Downloads/Employee_list.sql:25: ERROR:  syntax error at or near "-"
LINE 1: ..._given_to_employee, facilities_available_in_the_co-working_s...
                                                             ^
psql:C:/Users/risha/Downloads/Employee_list.sql:28: ERROR:  syntax error at or near "-"
LINE 1: ..._given_to_employee, facilities_available_in_the_co-working_s...
                                                             ^
psql:C:/Users/risha/Downloads/Employee_list.sql:31: ERROR:  syntax error at or near "-"
LINE 1: ..._given_to_employee, facilities_available_in_the_co-working_s...
                                                             ^
psql:C:/Users/risha/Downloads/Employee_list.sql:36: ERROR:  syntax error at or near "-"
LINE 1: ..._given_to_employee, facilities_available_in_the_co-working_s...
                                                             ^
psql:C:/Users/risha/Downloads/Employee_list.sql:39: ERROR:  syntax error at or near "-"
LINE 1: ..._given_to_employee, facilities_available_in_the_co-working_s...
                                                             ^
psql:C:/Users/risha/Downloads/Employee_list.sql:42: ERROR:  syntax error at or near "-"
LINE 1: ..._given_to_employee, facilities_available_in_the_co-working_s...
                                                             ^
psql:C:/Users/risha/Downloads/Employee_list.sql:45: ERROR:  syntax error at or near "-"
LINE 1: ..._given_to_employee, facilities_available_in_the_co-working_s...
                                                             ^
psql:C:/Users/risha/Downloads/Employee_list.sql:50: ERROR:  syntax error at or near "-"
LINE 1: ..._given_to_employee, facilities_available_in_the_co-working_s...
                                                             ^
psql:C:/Users/risha/Downloads/Employee_list.sql:51: ERROR:  syntax error at or near "-"
LINE 1: ..._given_to_employee, facilities_available_in_the_co-working_s...
                                                             ^
psql:C:/Users/risha/Downloads/Employee_list.sql:54: ERROR:  syntax error at or near "-"
LINE 1: ..._given_to_employee, facilities_available_in_the_co-working_s...
                                                             ^
psql:C:/Users/risha/Downloads/Employee_list.sql:57: ERROR:  syntax error at or near "-"
LINE 1: ..._given_to_employee, facilities_available_in_the_co-working_s...
                                                             ^
psql:C:/Users/risha/Downloads/Employee_list.sql:60: ERROR:  syntax error at or near "-"
LINE 1: ..._given_to_employee, facilities_available_in_the_co-working_s...
                                                             ^
psql:C:/Users/risha/Downloads/Employee_list.sql:61: ERROR:  syntax error at or near "-"
LINE 1: ..._given_to_employee, facilities_available_in_the_co-working_s...
                                                             ^
psql:C:/Users/risha/Downloads/Employee_list.sql:66: ERROR:  syntax error at or near "-"
LINE 1: ..._given_to_employee, facilities_available_in_the_co-working_s...
                                                             ^
psql:C:/Users/risha/Downloads/Employee_list.sql:67: ERROR:  syntax error at or near "-"
LINE 1: ..._given_to_employee, facilities_available_in_the_co-working_s...
                                                             ^
psql:C:/Users/risha/Downloads/Employee_list.sql:70: ERROR:  syntax error at or near "-"
LINE 1: ..._given_to_employee, facilities_available_in_the_co-working_s...
                                                             ^
psql:C:/Users/risha/Downloads/Employee_list.sql:71: ERROR:  syntax error at or near "-"
LINE 1: ..._given_to_employee, facilities_available_in_the_co-working_s...
                                                             ^
psql:C:/Users/risha/Downloads/Employee_list.sql:76: ERROR:  syntax error at or near "-"
LINE 1: ..._given_to_employee, facilities_available_in_the_co-working_s...
                                                             ^
psql:C:/Users/risha/Downloads/Employee_list.sql:81: ERROR:  syntax error at or near "-"
LINE 1: ..._given_to_employee, facilities_available_in_the_co-working_s...
                                                             ^
psql:C:/Users/risha/Downloads/Employee_list.sql:84: ERROR:  syntax error at or near "-"
LINE 1: ..._given_to_employee, facilities_available_in_the_co-working_s...
                                                             ^
psql:C:/Users/risha/Downloads/Employee_list.sql:89: ERROR:  syntax error at or near "-"
LINE 1: ..._given_to_employee, facilities_available_in_the_co-working_s...
                                                             ^
psql:C:/Users/risha/Downloads/Employee_list.sql:94: ERROR:  syntax error at or near "-"
LINE 1: ..._given_to_employee, facilities_available_in_the_co-working_s...
                                                             ^
psql:C:/Users/risha/Downloads/Employee_list.sql:99: ERROR:  syntax error at or near "-"
LINE 1: ..._given_to_employee, facilities_available_in_the_co-working_s...
                                                             ^
psql:C:/Users/risha/Downloads/Employee_list.sql:102: ERROR:  syntax error at or near "-"
LINE 1: ..._given_to_employee, facilities_available_in_the_co-working_s...
                                                             ^
psql:C:/Users/risha/Downloads/Employee_list.sql:103: ERROR:  syntax error at or near "-"
LINE 1: ..._given_to_employee, facilities_available_in_the_co-working_s...
                                                             ^
psql:C:/Users/risha/Downloads/Employee_list.sql:104: ERROR:  syntax error at or near "-"
LINE 1: ..._given_to_employee, facilities_available_in_the_co-working_s...
                                                             ^
psql:C:/Users/risha/Downloads/Employee_list.sql:107: ERROR:  syntax error at or near "-"
LINE 1: ..._given_to_employee, facilities_available_in_the_co-working_s...
                                                             ^
psql:C:/Users/risha/Downloads/Employee_list.sql:110: ERROR:  syntax error at or near "-"
LINE 1: ..._given_to_employee, facilities_available_in_the_co-working_s...
                                                             ^
psql:C:/Users/risha/Downloads/Employee_list.sql:111: ERROR:  syntax error at or near "-"
LINE 1: ..._given_to_employee, facilities_available_in_the_co-working_s...
                                                             ^
psql:C:/Users/risha/Downloads/Employee_list.sql:116: ERROR:  syntax error at or near "-"
LINE 1: ..._given_to_employee, facilities_available_in_the_co-working_s...
                                                             ^
psql:C:/Users/risha/Downloads/Employee_list.sql:121: ERROR:  syntax error at or near "-"
LINE 1: ..._given_to_employee, facilities_available_in_the_co-working_s...
                                                             ^
psql:C:/Users/risha/Downloads/Employee_list.sql:126: ERROR:  syntax error at or near "-"
LINE 1: ..._given_to_employee, facilities_available_in_the_co-working_s...
                                                             ^
psql:C:/Users/risha/Downloads/Employee_list.sql:127: ERROR:  syntax error at or near "-"
LINE 1: ..._given_to_employee, facilities_available_in_the_co-working_s...
                                                             ^
psql:C:/Users/risha/Downloads/Employee_list.sql:132: ERROR:  syntax error at or near "-"
LINE 1: ..._given_to_employee, facilities_available_in_the_co-working_s...
                                                             ^
psql:C:/Users/risha/Downloads/Employee_list.sql:133: ERROR:  syntax error at or near "-"
LINE 1: ..._given_to_employee, facilities_available_in_the_co-working_s...
                                                             ^
psql:C:/Users/risha/Downloads/Employee_list.sql:136: ERROR:  syntax error at or near "-"
LINE 1: ..._given_to_employee, facilities_available_in_the_co-working_s...
                                                             ^
psql:C:/Users/risha/Downloads/Employee_list.sql:137: ERROR:  syntax error at or near "-"
LINE 1: ..._given_to_employee, facilities_available_in_the_co-working_s...
                                                             ^
psql:C:/Users/risha/Downloads/Employee_list.sql:142: ERROR:  syntax error at or near "-"
LINE 1: ..._given_to_employee, facilities_available_in_the_co-working_s...
                                                             ^
psql:C:/Users/risha/Downloads/Employee_list.sql:143: ERROR:  syntax error at or near "-"
LINE 1: ..._given_to_employee, facilities_available_in_the_co-working_s...
                                                             ^
psql:C:/Users/risha/Downloads/Employee_list.sql:144: ERROR:  syntax error at or near "-"
LINE 1: ..._given_to_employee, facilities_available_in_the_co-working_s...
                                                             ^
psql:C:/Users/risha/Downloads/Employee_list.sql:149: ERROR:  syntax error at or near "-"
LINE 1: ..._given_to_employee, facilities_available_in_the_co-working_s...
                                                             ^
psql:C:/Users/risha/Downloads/Employee_list.sql:152: ERROR:  syntax error at or near "-"
LINE 1: ..._given_to_employee, facilities_available_in_the_co-working_s...
                                                             ^
psql:C:/Users/risha/Downloads/Employee_list.sql:153: ERROR:  syntax error at or near "-"
LINE 1: ..._given_to_employee, facilities_available_in_the_co-working_s...
                                                             ^
psql:C:/Users/risha/Downloads/Employee_list.sql:154: ERROR:  syntax error at or near "-"
LINE 1: ..._given_to_employee, facilities_available_in_the_co-working_s...
                                                             ^
psql:C:/Users/risha/Downloads/Employee_list.sql:155: ERROR:  syntax error at or near "-"
LINE 1: ..._given_to_employee, facilities_available_in_the_co-working_s...
                                                             ^
psql:C:/Users/risha/Downloads/Employee_list.sql:160: ERROR:  syntax error at or near "-"
LINE 1: ..._given_to_employee, facilities_available_in_the_co-working_s...
                                                             ^
psql:C:/Users/risha/Downloads/Employee_list.sql:163: ERROR:  syntax error at or near "-"
LINE 1: ..._given_to_employee, facilities_available_in_the_co-working_s...
                                                             ^
psql:C:/Users/risha/Downloads/Employee_list.sql:164: ERROR:  syntax error at or near "-"
LINE 1: ..._given_to_employee, facilities_available_in_the_co-working_s...
                                                             ^
psql:C:/Users/risha/Downloads/Employee_list.sql:169: ERROR:  syntax error at or near "-"
LINE 1: ..._given_to_employee, facilities_available_in_the_co-working_s...
                                                             ^
coworkingspace=# \i C:/Users/risha/Downloads/Employee_list.sql;
CREATE TABLE
psql:C:/Users/risha/Downloads/Employee_list.sql:22: ERROR:  value too long for type character varying(50)
psql:C:/Users/risha/Downloads/Employee_list.sql:25: ERROR:  value too long for type character varying(50)
psql:C:/Users/risha/Downloads/Employee_list.sql:28: ERROR:  value too long for type character varying(50)
psql:C:/Users/risha/Downloads/Employee_list.sql:33: ERROR:  value too long for type character varying(50)
psql:C:/Users/risha/Downloads/Employee_list.sql:36: ERROR:  value too long for type character varying(50)
psql:C:/Users/risha/Downloads/Employee_list.sql:37: ERROR:  value too long for type character varying(50)
psql:C:/Users/risha/Downloads/Employee_list.sql:42: ERROR:  value too long for type character varying(50)
psql:C:/Users/risha/Downloads/Employee_list.sql:45: ERROR:  value too long for type character varying(50)
psql:C:/Users/risha/Downloads/Employee_list.sql:50: ERROR:  value too long for type character varying(50)
psql:C:/Users/risha/Downloads/Employee_list.sql:51: ERROR:  value too long for type character varying(50)
psql:C:/Users/risha/Downloads/Employee_list.sql:52: ERROR:  value too long for type character varying(50)
psql:C:/Users/risha/Downloads/Employee_list.sql:53: ERROR:  value too long for type character varying(50)
psql:C:/Users/risha/Downloads/Employee_list.sql:54: ERROR:  value too long for type character varying(50)
psql:C:/Users/risha/Downloads/Employee_list.sql:59: ERROR:  value too long for type character varying(50)
psql:C:/Users/risha/Downloads/Employee_list.sql:62: ERROR:  value too long for type character varying(50)
psql:C:/Users/risha/Downloads/Employee_list.sql:65: ERROR:  value too long for type character varying(50)
psql:C:/Users/risha/Downloads/Employee_list.sql:70: ERROR:  value too long for type character varying(50)
psql:C:/Users/risha/Downloads/Employee_list.sql:71: ERROR:  value too long for type character varying(50)
psql:C:/Users/risha/Downloads/Employee_list.sql:72: ERROR:  value too long for type character varying(50)
psql:C:/Users/risha/Downloads/Employee_list.sql:73: ERROR:  value too long for type character varying(50)
psql:C:/Users/risha/Downloads/Employee_list.sql:74: ERROR:  value too long for type character varying(50)
psql:C:/Users/risha/Downloads/Employee_list.sql:75: ERROR:  value too long for type character varying(50)
psql:C:/Users/risha/Downloads/Employee_list.sql:80: ERROR:  value too long for type character varying(50)
psql:C:/Users/risha/Downloads/Employee_list.sql:83: ERROR:  value too long for type character varying(50)
psql:C:/Users/risha/Downloads/Employee_list.sql:88: ERROR:  value too long for type character varying(50)
psql:C:/Users/risha/Downloads/Employee_list.sql:91: ERROR:  value too long for type character varying(50)
psql:C:/Users/risha/Downloads/Employee_list.sql:96: ERROR:  value too long for type character varying(50)
psql:C:/Users/risha/Downloads/Employee_list.sql:99: ERROR:  value too long for type character varying(50)
psql:C:/Users/risha/Downloads/Employee_list.sql:102: ERROR:  value too long for type character varying(50)
psql:C:/Users/risha/Downloads/Employee_list.sql:105: ERROR:  value too long for type character varying(50)
psql:C:/Users/risha/Downloads/Employee_list.sql:106: ERROR:  value too long for type character varying(50)
psql:C:/Users/risha/Downloads/Employee_list.sql:111: ERROR:  value too long for type character varying(50)
psql:C:/Users/risha/Downloads/Employee_list.sql:112: ERROR:  value too long for type character varying(50)
psql:C:/Users/risha/Downloads/Employee_list.sql:117: ERROR:  value too long for type character varying(50)
psql:C:/Users/risha/Downloads/Employee_list.sql:122: ERROR:  value too long for type character varying(50)
psql:C:/Users/risha/Downloads/Employee_list.sql:125: ERROR:  value too long for type character varying(50)
psql:C:/Users/risha/Downloads/Employee_list.sql:130: ERROR:  value too long for type character varying(50)
psql:C:/Users/risha/Downloads/Employee_list.sql:131: ERROR:  value too long for type character varying(50)
psql:C:/Users/risha/Downloads/Employee_list.sql:132: ERROR:  value too long for type character varying(50)
psql:C:/Users/risha/Downloads/Employee_list.sql:137: ERROR:  value too long for type character varying(50)
psql:C:/Users/risha/Downloads/Employee_list.sql:140: ERROR:  value too long for type character varying(50)
psql:C:/Users/risha/Downloads/Employee_list.sql:145: ERROR:  value too long for type character varying(50)
psql:C:/Users/risha/Downloads/Employee_list.sql:146: ERROR:  value too long for type character varying(50)
psql:C:/Users/risha/Downloads/Employee_list.sql:149: ERROR:  value too long for type character varying(50)
psql:C:/Users/risha/Downloads/Employee_list.sql:154: ERROR:  value too long for type character varying(50)
psql:C:/Users/risha/Downloads/Employee_list.sql:157: ERROR:  value too long for type character varying(50)
psql:C:/Users/risha/Downloads/Employee_list.sql:162: ERROR:  value too long for type character varying(50)
psql:C:/Users/risha/Downloads/Employee_list.sql:165: ERROR:  value too long for type character varying(50)
psql:C:/Users/risha/Downloads/Employee_list.sql:166: ERROR:  value too long for type character varying(50)
psql:C:/Users/risha/Downloads/Employee_list.sql:171: ERROR:  value too long for type character varying(50)
coworkingspace=# \d Employee_list
                                     Table "public.employee_list"
                   Column                    |         Type          | Collation | Nullable | Default
---------------------------------------------+-----------------------+-----------+----------+---------
 id                                          | integer               |           |          |
 employee_name                               | character varying(50) |           |          |
 company_name                                | character varying(50) |           |          |
 employee_designation                        | character varying(11) |           |          |
 employee_phone_number                       | character varying(50) |           |          |
 employee_email                              | character varying(50) |           |          |
 company_address                             | character varying(50) |           |          |
 company_onwer                               | character varying(50) |           |          |
 company_email                               | character varying(50) |           |          |
 company_phone                               | character varying(50) |           |          |
 employee_department                         | character varying(50) |           |          |
 department                                  | character varying(50) |           |          |
 employee_salary                             | character varying(50) |           |          |
 employee__benefits                          | character varying(18) |           |          |
 holidays                                    | character varying(8)  |           |          |
 things_given_to_employee                    | character varying(7)  |           |          |
 facilities_available_in_the_coworking_space | text                  |           |          |
 staff_details                               | character varying(50) |           |          |
 expenses                                    | character varying(50) |           |          |


coworkingspace=# SELECT * FROM Employee_list
coworkingspace-# SELECT * FROM Employee_list;
ERROR:  syntax error at or near "SELECT"
LINE 2: SELECT * FROM Employee_list;
        ^
coworkingspace=# SELECT * FROM Employee_list;
 id | employee_name | company_name | employee_designation | employee_phone_number | employee_email | company_address | company_onwer | company_email | company_phone | employee_department | department | employee_salary | employee__benefits | holidays | things_given_to_employee | facilities_available_in_the_coworking_space | staff_details | expenses
----+---------------+--------------+----------------------+-----------------------+----------------+-----------------+---------------+---------------+---------------+---------------------+------------+-----------------+--------------------+----------+--------------------------+---------------------------------------------+---------------+----------
(0 rows)


coworkingspace=#